<?xml version="1.0" encoding="utf-8"?>
<TestRun id="89a3abbe-95d4-433f-897d-de9db9b9ae8d" name="cex@LAPTOP-7HKGG9U3 2026-05-24 11:10:12" runUser="LAPTOP-7HKGG9U3\cex" xmlns="http://microsoft.com/schemas/VisualStudio/TeamTest/2010">
  <Times creation="2026-05-24T11:10:12.0682168+01:00" queuing="2026-05-24T11:10:12.0682175+01:00" start="2026-05-24T11:10:11.4257563+01:00" finish="2026-05-24T11:10:12.1092445+01:00" />
  <TestSettings name="default" id="41a8fe1e-f244-421c-977f-89dee89bc128">
    <Deployment runDeploymentRoot="cex_LAPTOP-7HKGG9U3_2026-05-24_11_10_12" />
  </TestSettings>
  <Results>
    <UnitTestResult executionId="b638978d-3b81-47f9-9d9c-d939476708dc" testId="cf39f18a-48b4-9d1c-538c-cb8b2a883c58" testName="EvalApp.Solid.Starter.Tests.Features.RulesEngine.CalculateFinalPriceStepTests.WhenNoDiscount_Then_FinalPriceEqualsNetPrice" computerName="LAPTOP-7HKGG9U3" duration="00:00:00.0022950" startTime="2026-05-24T11:10:12.0046722+01:00" endTime="2026-05-24T11:10:12.0046724+01:00" testType="13cdc9d9-ddb5-4fa4-a97d-d965ccfc6d4b" outcome="Failed" testListId="8c84fa94-04c1-424b-9868-57a2d4851a1d" relativeResultsDirectory="b638978d-3b81-47f9-9d9c-d939476708dc">
      <Output>
        <ErrorInfo>
          <Message>System.IO.FileNotFoundException : Could not load file or assembly 'EvalApp.Consumer.Core, Version=1.0.4.0, Culture=neutral, PublicKeyToken=null'. The system cannot find the file specified.</Message>
          <StackTrace>   at EvalApp.Solid.Starter.Tests.Features.RulesEngine.CalculateFinalPriceStepTests.WhenNoDiscount_Then_FinalPriceEqualsNetPrice()&#xD;
   at System.RuntimeMethodHandle.InvokeMethod(Object target, Void** arguments, Signature sig, Boolean isConstructor)&#xD;
   at System.Reflection.MethodBaseInvoker.InvokeWithNoArgs(Object obj, BindingFlags invokeAttr)</StackTrace>
        </ErrorInfo>
      </Output>
    </UnitTestResult>
    <UnitTestResult executionId="13d1ff6f-e903-4fb2-813d-42f6bf0bdbdf" testId="7dcb9fb2-f099-1aad-bd94-1801b2ff0748" testName="EvalApp.Solid.Starter.Tests.Features.RulesEngine.CalculateFinalPriceStepTests.WhenDiscount_Then_FinalPriceIsReduced" computerName="LAPTOP-7HKGG9U3" duration="00:00:00.0002212" startTime="2026-05-24T11:10:12.0345556+01:00" endTime="2026-05-24T11:10:12.0345556+01:00" testType="13cdc9d9-ddb5-4fa4-a97d-d965ccfc6d4b" outcome="Failed" testListId="8c84fa94-04c1-424b-9868-57a2d4851a1d" relativeResultsDirectory="13d1ff6f-e903-4fb2-813d-42f6bf0bdbdf">
      <Output>
        <ErrorInfo>
          <Message>System.IO.FileNotFoundException : Could not load file or assembly 'EvalApp.Consumer.Core, Version=1.0.4.0, Culture=neutral, PublicKeyToken=null'. The system cannot find the file specified.</Message>
          <StackTrace>   at EvalApp.Solid.Starter.Tests.Features.RulesEngine.CalculateFinalPriceStepTests.WhenDiscount_Then_FinalPriceIsReduced()&#xD;
   at System.RuntimeMethodHandle.InvokeMethod(Object target, Void** arguments, Signature sig, Boolean isConstructor)&#xD;
   at System.Reflection.MethodBaseInvoker.InvokeWithNoArgs(Object obj, BindingFlags invokeAttr)</StackTrace>
        </ErrorInfo>
      </Output>
    </UnitTestResult>
    <UnitTestResult executionId="526e7d39-8a4e-4aca-820e-e1c9dd2ffbc2" testId="3879dd3d-9de0-0123-6ada-1c5b9b58b08c" testName="EvalApp.Solid.Starter.Tests.Features.RulesEngine.CalculateNetPriceStepTests.WhenEmptyItems_Then_NetPriceIsZero" computerName="LAPTOP-7HKGG9U3" duration="00:00:00.0028037" startTime="2026-05-24T11:10:12.0041376+01:00" endTime="2026-05-24T11:10:12.0041378+01:00" testType="13cdc9d9-ddb5-4fa4-a97d-d965ccfc6d4b" outcome="Failed" testListId="8c84fa94-04c1-424b-9868-57a2d4851a1d" relativeResultsDirectory="526e7d39-8a4e-4aca-820e-e1c9dd2ffbc2">
      <Output>
        <ErrorInfo>
          <Message>System.IO.FileNotFoundException : Could not load file or assembly 'EvalApp.Consumer.Core, Version=1.0.4.0, Culture=neutral, PublicKeyToken=null'. The system cannot find the file specified.</Message>
          <StackTrace>   at EvalApp.Solid.Starter.Tests.Features.RulesEngine.CalculateNetPriceStepTests.WhenEmptyItems_Then_NetPriceIsZero()&#xD;
   at System.RuntimeMethodHandle.InvokeMethod(Object target, Void** arguments, Signature sig, Boolean isConstructor)&#xD;
   at System.Reflection.MethodBaseInvoker.InvokeWithNoArgs(Object obj, BindingFlags invokeAttr)</StackTrace>
        </ErrorInfo>
      </Output>
    </UnitTestResult>
    <UnitTestResult executionId="db3ed7e5-d51e-462b-9058-60605f32b17a" testId="afca98b0-c316-f802-f9f7-8c2e0f8142af" testName="EvalApp.Solid.Starter.Tests.Features.RulesEngine.RulesEnginePipelineTests.WhenValidOrder_Then_PipelineCalculatesFinalPrice" computerName="LAPTOP-7HKGG9U3" duration="00:00:00.0022592" startTime="2026-05-24T11:10:12.0058770+01:00" endTime="2026-05-24T11:10:12.0058771+01:00" testType="13cdc9d9-ddb5-4fa4-a97d-d965ccfc6d4b" outcome="Failed" testListId="8c84fa94-04c1-424b-9868-57a2d4851a1d" relativeResultsDirectory="db3ed7e5-d51e-462b-9058-60605f32b17a">
      <Output>
        <ErrorInfo>
          <Message>System.IO.FileNotFoundException : Could not load file or assembly 'EvalApp.Consumer.Core, Version=1.0.4.0, Culture=neutral, PublicKeyToken=null'. The system cannot find the file specified.</Message>
          <StackTrace>   at EvalApp.Solid.Starter.Tests.Features.RulesEngine.RulesEnginePipelineTests.WhenValidOrder_Then_PipelineCalculatesFinalPrice()&#xD;
   at System.RuntimeMethodHandle.InvokeMethod(Object target, Void** arguments, Signature sig, Boolean isConstructor)&#xD;
   at System.Reflection.MethodBaseInvoker.InvokeWithNoArgs(Object obj, BindingFlags invokeAttr)</StackTrace>
        </ErrorInfo>
      </Output>
    </UnitTestResult>
    <UnitTestResult executionId="b5dfbe5c-4126-440c-9b78-9aa2b51a3b5c" testId="bc675da6-b489-692d-ca7c-eba48ec2a28e" testName="EvalApp.Solid.Starter.Tests.Features.RulesEngine.EvaluateDiscountEligibilityStepTests.WhenHighTotalSpend_Then_EligibleForDiscount" computerName="LAPTOP-7HKGG9U3" duration="00:00:00.0002084" startTime="2026-05-24T11:10:12.0343541+01:00" endTime="2026-05-24T11:10:12.0343542+01:00" testType="13cdc9d9-ddb5-4fa4-a97d-d965ccfc6d4b" outcome="Failed" testListId="8c84fa94-04c1-424b-9868-57a2d4851a1d" relativeResultsDirectory="b5dfbe5c-4126-440c-9b78-9aa2b51a3b5c">
      <Output>
        <ErrorInfo>
          <Message>System.IO.FileNotFoundException : Could not load file or assembly 'EvalApp.Consumer.Core, Version=1.0.4.0, Culture=neutral, PublicKeyToken=null'. The system cannot find the file specified.</Message>
          <StackTrace>   at EvalApp.Solid.Starter.Tests.Features.RulesEngine.EvaluateDiscountEligibilityStepTests.WhenHighTotalSpend_Then_EligibleForDiscount()&#xD;
   at System.RuntimeMethodHandle.InvokeMethod(Object target, Void** arguments, Signature sig, Boolean isConstructor)&#xD;
   at System.Reflection.MethodBaseInvoker.InvokeWithNoArgs(Object obj, BindingFlags invokeAttr)</StackTrace>
        </ErrorInfo>
      </Output>
    </UnitTestResult>
    <UnitTestResult executionId="971d0f99-14fc-41b7-a7fe-50475b0af1bd" testId="2996de72-49ed-1271-c171-87321e2c8252" testName="EvalApp.Solid.Starter.Tests.Features.RulesEngine.ApplyPromotionRulesStepTests.WhenSummer20Promo_Then_15PercentDiscount" computerName="LAPTOP-7HKGG9U3" duration="00:00:00.0022397" startTime="2026-05-24T11:10:12.0054991+01:00" endTime="2026-05-24T11:10:12.0054993+01:00" testType="13cdc9d9-ddb5-4fa4-a97d-d965ccfc6d4b" outcome="Failed" testListId="8c84fa94-04c1-424b-9868-57a2d4851a1d" relativeResultsDirectory="971d0f99-14fc-41b7-a7fe-50475b0af1bd">
      <Output>
        <ErrorInfo>
          <Message>System.IO.FileNotFoundException : Could not load file or assembly 'EvalApp.Consumer.Core, Version=1.0.4.0, Culture=neutral, PublicKeyToken=null'. The system cannot find the file specified.</Message>
          <StackTrace>   at EvalApp.Solid.Starter.Tests.Features.RulesEngine.ApplyPromotionRulesStepTests.WhenSummer20Promo_Then_15PercentDiscount()&#xD;
   at System.RuntimeMethodHandle.InvokeMethod(Object target, Void** arguments, Signature sig, Boolean isConstructor)&#xD;
   at System.Reflection.MethodBaseInvoker.InvokeWithNoArgs(Object obj, BindingFlags invokeAttr)</StackTrace>
        </ErrorInfo>
      </Output>
    </UnitTestResult>
    <UnitTestResult executionId="03339a0a-86e1-427e-b0bf-102d98d8b0e2" testId="05e0f630-85db-505d-982b-b6a2b98cfd03" testName="EvalApp.Solid.Starter.Tests.UnitTest1.Test1" computerName="LAPTOP-7HKGG9U3" duration="00:00:00.0017343" startTime="2026-05-24T11:10:11.9973476+01:00" endTime="2026-05-24T11:10:11.9973644+01:00" testType="13cdc9d9-ddb5-4fa4-a97d-d965ccfc6d4b" outcome="Passed" testListId="8c84fa94-04c1-424b-9868-57a2d4851a1d" relativeResultsDirectory="03339a0a-86e1-427e-b0bf-102d98d8b0e2" />
    <UnitTestResult executionId="32680228-fea9-4e5d-8844-ea0f3fff992c" testId="ff521fea-5883-1e87-727b-3ad37abbec25" testName="EvalApp.Solid.Starter.Tests.Features.RulesEngine.ApplyPromotionRulesStepTests.WhenNotEligible_Then_NoDiscount" computerName="LAPTOP-7HKGG9U3" duration="00:00:00.0002596" startTime="2026-05-24T11:10:12.0351279+01:00" endTime="2026-05-24T11:10:12.0351279+01:00" testType="13cdc9d9-ddb5-4fa4-a97d-d965ccfc6d4b" outcome="Failed" testListId="8c84fa94-04c1-424b-9868-57a2d4851a1d" relativeResultsDirectory="32680228-fea9-4e5d-8844-ea0f3fff992c">
      <Output>
        <ErrorInfo>
          <Message>System.IO.FileNotFoundException : Could not load file or assembly 'EvalApp.Consumer.Core, Version=1.0.4.0, Culture=neutral, PublicKeyToken=null'. The system cannot find the file specified.</Message>
          <StackTrace>   at EvalApp.Solid.Starter.Tests.Features.RulesEngine.ApplyPromotionRulesStepTests.WhenNotEligible_Then_NoDiscount()&#xD;
   at System.RuntimeMethodHandle.InvokeMethod(Object target, Void** arguments, Signature sig, Boolean isConstructor)&#xD;
   at System.Reflection.MethodBaseInvoker.InvokeWithNoArgs(Object obj, BindingFlags invokeAttr)</StackTrace>
        </ErrorInfo>
      </Output>
    </UnitTestResult>
    <UnitTestResult executionId="77fa2faf-9a73-4a5a-81a1-5a326bcaec9c" testId="2e1e13fe-d801-cf11-6fce-3b4c3fa5cb0c" testName="EvalApp.Solid.Starter.Tests.Features.RulesEngine.ApplyPromotionRulesStepTests.WhenVipAndClearance_Then_HighestDiscount" computerName="LAPTOP-7HKGG9U3" duration="00:00:00.0005949" startTime="2026-05-24T11:10:12.0360603+01:00" endTime="2026-05-24T11:10:12.0360604+01:00" testType="13cdc9d9-ddb5-4fa4-a97d-d965ccfc6d4b" outcome="Failed" testListId="8c84fa94-04c1-424b-9868-57a2d4851a1d" relativeResultsDirectory="77fa2faf-9a73-4a5a-81a1-5a326bcaec9c">
      <Output>
        <ErrorInfo>
          <Message>System.IO.FileNotFoundException : Could not load file or assembly 'EvalApp.Consumer.Core, Version=1.0.4.0, Culture=neutral, PublicKeyToken=null'. The system cannot find the file specified.</Message>
          <StackTrace>   at EvalApp.Solid.Starter.Tests.Features.RulesEngine.ApplyPromotionRulesStepTests.WhenVipAndClearance_Then_HighestDiscount()&#xD;
   at System.RuntimeMethodHandle.InvokeMethod(Object target, Void** arguments, Signature sig, Boolean isConstructor)&#xD;
   at System.Reflection.MethodBaseInvoker.InvokeWithNoArgs(Object obj, BindingFlags invokeAttr)</StackTrace>
        </ErrorInfo>
      </Output>
    </UnitTestResult>
    <UnitTestResult executionId="b509fcce-e901-4cee-9ca5-801fbbcd1916" testId="64bde8eb-283e-81c1-cfc9-5a5253ea1245" testName="EvalApp.Solid.Starter.Tests.Features.RulesEngine.RulesEnginePipelineTests.WhenVipWithClearanceAndPromo_Then_MaximumDiscount" computerName="LAPTOP-7HKGG9U3" duration="00:00:00.0002254" startTime="2026-05-24T11:10:12.0349080+01:00" endTime="2026-05-24T11:10:12.0349080+01:00" testType="13cdc9d9-ddb5-4fa4-a97d-d965ccfc6d4b" outcome="Failed" testListId="8c84fa94-04c1-424b-9868-57a2d4851a1d" relativeResultsDirectory="b509fcce-e901-4cee-9ca5-801fbbcd1916">
      <Output>
        <ErrorInfo>
          <Message>System.IO.FileNotFoundException : Could not load file or assembly 'EvalApp.Consumer.Core, Version=1.0.4.0, Culture=neutral, PublicKeyToken=null'. The system cannot find the file specified.</Message>
          <StackTrace>   at EvalApp.Solid.Starter.Tests.Features.RulesEngine.RulesEnginePipelineTests.WhenVipWithClearanceAndPromo_Then_MaximumDiscount()&#xD;
   at System.RuntimeMethodHandle.InvokeMethod(Object target, Void** arguments, Signature sig, Boolean isConstructor)&#xD;
   at System.Reflection.MethodBaseInvoker.InvokeWithNoArgs(Object obj, BindingFlags invokeAttr)</StackTrace>
        </ErrorInfo>
      </Output>
    </UnitTestResult>
    <UnitTestResult executionId="6dfb93d1-e5bc-4394-9b76-71d51a920421" testId="76aa7ab7-6725-7889-402e-64cab62476e3" testName="EvalApp.Solid.Starter.Tests.Features.RulesEngine.EvaluateDiscountEligibilityStepTests.WhenVipShopper_Then_EligibleForDiscount" computerName="LAPTOP-7HKGG9U3" duration="00:00:00.0021698" startTime="2026-05-24T11:10:12.0061352+01:00" endTime="2026-05-24T11:10:12.0061352+01:00" testType="13cdc9d9-ddb5-4fa4-a97d-d965ccfc6d4b" outcome="Failed" testListId="8c84fa94-04c1-424b-9868-57a2d4851a1d" relativeResultsDirectory="6dfb93d1-e5bc-4394-9b76-71d51a920421">
      <Output>
        <ErrorInfo>
          <Message>System.IO.FileNotFoundException : Could not load file or assembly 'EvalApp.Consumer.Core, Version=1.0.4.0, Culture=neutral, PublicKeyToken=null'. The system cannot find the file specified.</Message>
          <StackTrace>   at EvalApp.Solid.Starter.Tests.Features.RulesEngine.EvaluateDiscountEligibilityStepTests.WhenVipShopper_Then_EligibleForDiscount()&#xD;
   at System.RuntimeMethodHandle.InvokeMethod(Object target, Void** arguments, Signature sig, Boolean isConstructor)&#xD;
   at System.Reflection.MethodBaseInvoker.InvokeWithNoArgs(Object obj, BindingFlags invokeAttr)</StackTrace>
        </ErrorInfo>
      </Output>
    </UnitTestResult>
    <UnitTestResult executionId="833ac913-4f4b-44c8-83f6-199d1d8faee4" testId="3e3448d5-c66d-7513-14b6-5bc934ebfc72" testName="EvalApp.Solid.Starter.Tests.Features.RulesEngine.ApplyPromotionRulesStepTests.WhenClearanceItems_Then_20PercentDiscount" computerName="LAPTOP-7HKGG9U3" duration="00:00:00.0001638" startTime="2026-05-24T11:10:12.0366750+01:00" endTime="2026-05-24T11:10:12.0366751+01:00" testType="13cdc9d9-ddb5-4fa4-a97d-d965ccfc6d4b" outcome="Failed" testListId="8c84fa94-04c1-424b-9868-57a2d4851a1d" relativeResultsDirectory="833ac913-4f4b-44c8-83f6-199d1d8faee4">
      <Output>
        <ErrorInfo>
          <Message>System.IO.FileNotFoundException : Could not load file or assembly 'EvalApp.Consumer.Core, Version=1.0.4.0, Culture=neutral, PublicKeyToken=null'. The system cannot find the file specified.</Message>
          <StackTrace>   at EvalApp.Solid.Starter.Tests.Features.RulesEngine.ApplyPromotionRulesStepTests.WhenClearanceItems_Then_20PercentDiscount()&#xD;
   at System.RuntimeMethodHandle.InvokeMethod(Object target, Void** arguments, Signature sig, Boolean isConstructor)&#xD;
   at System.Reflection.MethodBaseInvoker.InvokeWithNoArgs(Object obj, BindingFlags invokeAttr)</StackTrace>
        </ErrorInfo>
      </Output>
    </UnitTestResult>
    <UnitTestResult executionId="be72cd6f-8c64-496c-95d3-4fd707b4a5e6" testId="38957c3a-a98f-9129-5e6f-c5751fdbecd4" testName="EvalApp.Solid.Starter.Tests.Features.RulesEngine.CalculateNetPriceStepTests.WhenMultipleItems_Then_SumsAllPrices" computerName="LAPTOP-7HKGG9U3" duration="00:00:00.0009461" startTime="2026-05-24T11:10:12.0364187+01:00" endTime="2026-05-24T11:10:12.0364188+01:00" testType="13cdc9d9-ddb5-4fa4-a97d-d965ccfc6d4b" outcome="Failed" testListId="8c84fa94-04c1-424b-9868-57a2d4851a1d" relativeResultsDirectory="be72cd6f-8c64-496c-95d3-4fd707b4a5e6">
      <Output>
        <ErrorInfo>
          <Message>System.IO.FileNotFoundException : Could not load file or assembly 'EvalApp.Consumer.Core, Version=1.0.4.0, Culture=neutral, PublicKeyToken=null'. The system cannot find the file specified.</Message>
          <StackTrace>   at EvalApp.Solid.Starter.Tests.Features.RulesEngine.CalculateNetPriceStepTests.WhenMultipleItems_Then_SumsAllPrices()&#xD;
   at System.RuntimeMethodHandle.InvokeMethod(Object target, Void** arguments, Signature sig, Boolean isConstructor)&#xD;
   at System.Reflection.MethodBaseInvoker.InvokeWithNoArgs(Object obj, BindingFlags invokeAttr)</StackTrace>
        </ErrorInfo>
      </Output>
    </UnitTestResult>
    <UnitTestResult executionId="27700248-575d-4e8a-a74f-3c0dee4bf9aa" testId="6dac7de1-f437-e2d8-f1a8-6ebc379374d3" testName="EvalApp.Solid.Starter.Tests.Features.RulesEngine.EvaluateDiscountEligibilityStepTests.WhenHighPurchaseHistory_Then_EligibleForDiscount" computerName="LAPTOP-7HKGG9U3" duration="00:00:00.0002064" startTime="2026-05-24T11:10:12.0354366+01:00" endTime="2026-05-24T11:10:12.0354367+01:00" testType="13cdc9d9-ddb5-4fa4-a97d-d965ccfc6d4b" outcome="Failed" testListId="8c84fa94-04c1-424b-9868-57a2d4851a1d" relativeResultsDirectory="27700248-575d-4e8a-a74f-3c0dee4bf9aa">
      <Output>
        <ErrorInfo>
          <Message>System.IO.FileNotFoundException : Could not load file or assembly 'EvalApp.Consumer.Core, Version=1.0.4.0, Culture=neutral, PublicKeyToken=null'. The system cannot find the file specified.</Message>
          <StackTrace>   at EvalApp.Solid.Starter.Tests.Features.RulesEngine.EvaluateDiscountEligibilityStepTests.WhenHighPurchaseHistory_Then_EligibleForDiscount()&#xD;
   at System.RuntimeMethodHandle.InvokeMethod(Object target, Void** arguments, Signature sig, Boolean isConstructor)&#xD;
   at System.Reflection.MethodBaseInvoker.InvokeWithNoArgs(Object obj, BindingFlags invokeAttr)</StackTrace>
        </ErrorInfo>
      </Output>
    </UnitTestResult>
    <UnitTestResult executionId="e2a6dd68-826b-4902-a98f-93ac4b671991" testId="1c860e3a-689c-e0cb-7686-bdc4c344db38" testName="EvalApp.Solid.Starter.Tests.Features.RulesEngine.EvaluateDiscountEligibilityStepTests.WhenNewShopper_Then_NotEligibleForDiscount" computerName="LAPTOP-7HKGG9U3" duration="00:00:00.0001557" startTime="2026-05-24T11:10:12.0356845+01:00" endTime="2026-05-24T11:10:12.0356846+01:00" testType="13cdc9d9-ddb5-4fa4-a97d-d965ccfc6d4b" outcome="Failed" testListId="8c84fa94-04c1-424b-9868-57a2d4851a1d" relativeResultsDirectory="e2a6dd68-826b-4902-a98f-93ac4b671991">
      <Output>
        <ErrorInfo>
          <Message>System.IO.FileNotFoundException : Could not load file or assembly 'EvalApp.Consumer.Core, Version=1.0.4.0, Culture=neutral, PublicKeyToken=null'. The system cannot find the file specified.</Message>
          <StackTrace>   at EvalApp.Solid.Starter.Tests.Features.RulesEngine.EvaluateDiscountEligibilityStepTests.WhenNewShopper_Then_NotEligibleForDiscount()&#xD;
   at System.RuntimeMethodHandle.InvokeMethod(Object target, Void** arguments, Signature sig, Boolean isConstructor)&#xD;
   at System.Reflection.MethodBaseInvoker.InvokeWithNoArgs(Object obj, BindingFlags invokeAttr)</StackTrace>
        </ErrorInfo>
      </Output>
    </UnitTestResult>
  </Results>
  <TestDefinitions>
    <UnitTest name="EvalApp.Solid.Starter.Tests.Features.RulesEngine.ApplyPromotionRulesStepTests.WhenClearanceItems_Then_20PercentDiscount" storage="c:\users\cex\repos-working\evalapp.solid.starter\tests\bin\release\net8.0\evalapp.solid.starter.tests.dll" id="3e3448d5-c66d-7513-14b6-5bc934ebfc72">
      <Execution id="833ac913-4f4b-44c8-83f6-199d1d8faee4" />
      <TestMethod codeBase="C:\Users\cex\repos-working\EvalApp.Solid.Starter\Tests\bin\Release\net8.0\EvalApp.Solid.Starter.Tests.dll" adapterTypeName="executor://xunit/VsTestRunner2/netcoreapp" className="EvalApp.Solid.Starter.Tests.Features.RulesEngine.ApplyPromotionRulesStepTests" name="WhenClearanceItems_Then_20PercentDiscount" />
    </UnitTest>
    <UnitTest name="EvalApp.Solid.Starter.Tests.UnitTest1.Test1" storage="c:\users\cex\repos-working\evalapp.solid.starter\tests\bin\release\net8.0\evalapp.solid.starter.tests.dll" id="05e0f630-85db-505d-982b-b6a2b98cfd03">
      <Execution id="03339a0a-86e1-427e-b0bf-102d98d8b0e2" />
      <TestMethod codeBase="C:\Users\cex\repos-working\EvalApp.Solid.Starter\Tests\bin\Release\net8.0\EvalApp.Solid.Starter.Tests.dll" adapterTypeName="executor://xunit/VsTestRunner2/netcoreapp" className="EvalApp.Solid.Starter.Tests.UnitTest1" name="Test1" />
    </UnitTest>
    <UnitTest name="EvalApp.Solid.Starter.Tests.Features.RulesEngine.CalculateNetPriceStepTests.WhenMultipleItems_Then_SumsAllPrices" storage="c:\users\cex\repos-working\evalapp.solid.starter\tests\bin\release\net8.0\evalapp.solid.starter.tests.dll" id="38957c3a-a98f-9129-5e6f-c5751fdbecd4">
      <Execution id="be72cd6f-8c64-496c-95d3-4fd707b4a5e6" />
      <TestMethod codeBase="C:\Users\cex\repos-working\EvalApp.Solid.Starter\Tests\bin\Release\net8.0\EvalApp.Solid.Starter.Tests.dll" adapterTypeName="executor://xunit/VsTestRunner2/netcoreapp" className="EvalApp.Solid.Starter.Tests.Features.RulesEngine.CalculateNetPriceStepTests" name="WhenMultipleItems_Then_SumsAllPrices" />
    </UnitTest>
    <UnitTest name="EvalApp.Solid.Starter.Tests.Features.RulesEngine.ApplyPromotionRulesStepTests.WhenVipAndClearance_Then_HighestDiscount" storage="c:\users\cex\repos-working\evalapp.solid.starter\tests\bin\release\net8.0\evalapp.solid.starter.tests.dll" id="2e1e13fe-d801-cf11-6fce-3b4c3fa5cb0c">
      <Execution id="77fa2faf-9a73-4a5a-81a1-5a326bcaec9c" />
      <TestMethod codeBase="C:\Users\cex\repos-working\EvalApp.Solid.Starter\Tests\bin\Release\net8.0\EvalApp.Solid.Starter.Tests.dll" adapterTypeName="executor://xunit/VsTestRunner2/netcoreapp" className="EvalApp.Solid.Starter.Tests.Features.RulesEngine.ApplyPromotionRulesStepTests" name="WhenVipAndClearance_Then_HighestDiscount" />
    </UnitTest>
    <UnitTest name="EvalApp.Solid.Starter.Tests.Features.RulesEngine.EvaluateDiscountEligibilityStepTests.WhenHighPurchaseHistory_Then_EligibleForDiscount" storage="c:\users\cex\repos-working\evalapp.solid.starter\tests\bin\release\net8.0\evalapp.solid.starter.tests.dll" id="6dac7de1-f437-e2d8-f1a8-6ebc379374d3">
      <Execution id="27700248-575d-4e8a-a74f-3c0dee4bf9aa" />
      <TestMethod codeBase="C:\Users\cex\repos-working\EvalApp.Solid.Starter\Tests\bin\Release\net8.0\EvalApp.Solid.Starter.Tests.dll" adapterTypeName="executor://xunit/VsTestRunner2/netcoreapp" className="EvalApp.Solid.Starter.Tests.Features.RulesEngine.EvaluateDiscountEligibilityStepTests" name="WhenHighPurchaseHistory_Then_EligibleForDiscount" />
    </UnitTest>
    <UnitTest name="EvalApp.Solid.Starter.Tests.Features.RulesEngine.EvaluateDiscountEligibilityStepTests.WhenVipShopper_Then_EligibleForDiscount" storage="c:\users\cex\repos-working\evalapp.solid.starter\tests\bin\release\net8.0\evalapp.solid.starter.tests.dll" id="76aa7ab7-6725-7889-402e-64cab62476e3">
      <Execution id="6dfb93d1-e5bc-4394-9b76-71d51a920421" />
      <TestMethod codeBase="C:\Users\cex\repos-working\EvalApp.Solid.Starter\Tests\bin\Release\net8.0\EvalApp.Solid.Starter.Tests.dll" adapterTypeName="executor://xunit/VsTestRunner2/netcoreapp" className="EvalApp.Solid.Starter.Tests.Features.RulesEngine.EvaluateDiscountEligibilityStepTests" name="WhenVipShopper_Then_EligibleForDiscount" />
    </UnitTest>
    <UnitTest name="EvalApp.Solid.Starter.Tests.Features.RulesEngine.EvaluateDiscountEligibilityStepTests.WhenHighTotalSpend_Then_EligibleForDiscount" storage="c:\users\cex\repos-working\evalapp.solid.starter\tests\bin\release\net8.0\evalapp.solid.starter.tests.dll" id="bc675da6-b489-692d-ca7c-eba48ec2a28e">
      <Execution id="b5dfbe5c-4126-440c-9b78-9aa2b51a3b5c" />
      <TestMethod codeBase="C:\Users\cex\repos-working\EvalApp.Solid.Starter\Tests\bin\Release\net8.0\EvalApp.Solid.Starter.Tests.dll" adapterTypeName="executor://xunit/VsTestRunner2/netcoreapp" className="EvalApp.Solid.Starter.Tests.Features.RulesEngine.EvaluateDiscountEligibilityStepTests" name="WhenHighTotalSpend_Then_EligibleForDiscount" />
    </UnitTest>
    <UnitTest name="EvalApp.Solid.Starter.Tests.Features.RulesEngine.CalculateFinalPriceStepTests.WhenDiscount_Then_FinalPriceIsReduced" storage="c:\users\cex\repos-working\evalapp.solid.starter\tests\bin\release\net8.0\evalapp.solid.starter.tests.dll" id="7dcb9fb2-f099-1aad-bd94-1801b2ff0748">
      <Execution id="13d1ff6f-e903-4fb2-813d-42f6bf0bdbdf" />
      <TestMethod codeBase="C:\Users\cex\repos-working\EvalApp.Solid.Starter\Tests\bin\Release\net8.0\EvalApp.Solid.Starter.Tests.dll" adapterTypeName="executor://xunit/VsTestRunner2/netcoreapp" className="EvalApp.Solid.Starter.Tests.Features.RulesEngine.CalculateFinalPriceStepTests" name="WhenDiscount_Then_FinalPriceIsReduced" />
    </UnitTest>
    <UnitTest name="EvalApp.Solid.Starter.Tests.Features.RulesEngine.CalculateFinalPriceStepTests.WhenNoDiscount_Then_FinalPriceEqualsNetPrice" storage="c:\users\cex\repos-working\evalapp.solid.starter\tests\bin\release\net8.0\evalapp.solid.starter.tests.dll" id="cf39f18a-48b4-9d1c-538c-cb8b2a883c58">
      <Execution id="b638978d-3b81-47f9-9d9c-d939476708dc" />
      <TestMethod codeBase="C:\Users\cex\repos-working\EvalApp.Solid.Starter\Tests\bin\Release\net8.0\EvalApp.Solid.Starter.Tests.dll" adapterTypeName="executor://xunit/VsTestRunner2/netcoreapp" className="EvalApp.Solid.Starter.Tests.Features.RulesEngine.CalculateFinalPriceStepTests" name="WhenNoDiscount_Then_FinalPriceEqualsNetPrice" />
    </UnitTest>
    <UnitTest name="EvalApp.Solid.Starter.Tests.Features.RulesEngine.ApplyPromotionRulesStepTests.WhenNotEligible_Then_NoDiscount" storage="c:\users\cex\repos-working\evalapp.solid.starter\tests\bin\release\net8.0\evalapp.solid.starter.tests.dll" id="ff521fea-5883-1e87-727b-3ad37abbec25">
      <Execution id="32680228-fea9-4e5d-8844-ea0f3fff992c" />
      <TestMethod codeBase="C:\Users\cex\repos-working\EvalApp.Solid.Starter\Tests\bin\Release\net8.0\EvalApp.Solid.Starter.Tests.dll" adapterTypeName="executor://xunit/VsTestRunner2/netcoreapp" className="EvalApp.Solid.Starter.Tests.Features.RulesEngine.ApplyPromotionRulesStepTests" name="WhenNotEligible_Then_NoDiscount" />
    </UnitTest>
    <UnitTest name="EvalApp.Solid.Starter.Tests.Features.RulesEngine.RulesEnginePipelineTests.WhenVipWithClearanceAndPromo_Then_MaximumDiscount" storage="c:\users\cex\repos-working\evalapp.solid.starter\tests\bin\release\net8.0\evalapp.solid.starter.tests.dll" id="64bde8eb-283e-81c1-cfc9-5a5253ea1245">
      <Execution id="b509fcce-e901-4cee-9ca5-801fbbcd1916" />
      <TestMethod codeBase="C:\Users\cex\repos-working\EvalApp.Solid.Starter\Tests\bin\Release\net8.0\EvalApp.Solid.Starter.Tests.dll" adapterTypeName="executor://xunit/VsTestRunner2/netcoreapp" className="EvalApp.Solid.Starter.Tests.Features.RulesEngine.RulesEnginePipelineTests" name="WhenVipWithClearanceAndPromo_Then_MaximumDiscount" />
    </UnitTest>
    <UnitTest name="EvalApp.Solid.Starter.Tests.Features.RulesEngine.CalculateNetPriceStepTests.WhenEmptyItems_Then_NetPriceIsZero" storage="c:\users\cex\repos-working\evalapp.solid.starter\tests\bin\release\net8.0\evalapp.solid.starter.tests.dll" id="3879dd3d-9de0-0123-6ada-1c5b9b58b08c">
      <Execution id="526e7d39-8a4e-4aca-820e-e1c9dd2ffbc2" />
      <TestMethod codeBase="C:\Users\cex\repos-working\EvalApp.Solid.Starter\Tests\bin\Release\net8.0\EvalApp.Solid.Starter.Tests.dll" adapterTypeName="executor://xunit/VsTestRunner2/netcoreapp" className="EvalApp.Solid.Starter.Tests.Features.RulesEngine.CalculateNetPriceStepTests" name="WhenEmptyItems_Then_NetPriceIsZero" />
    </UnitTest>
    <UnitTest name="EvalApp.Solid.Starter.Tests.Features.RulesEngine.EvaluateDiscountEligibilityStepTests.WhenNewShopper_Then_NotEligibleForDiscount" storage="c:\users\cex\repos-working\evalapp.solid.starter\tests\bin\release\net8.0\evalapp.solid.starter.tests.dll" id="1c860e3a-689c-e0cb-7686-bdc4c344db38">
      <Execution id="e2a6dd68-826b-4902-a98f-93ac4b671991" />
      <TestMethod codeBase="C:\Users\cex\repos-working\EvalApp.Solid.Starter\Tests\bin\Release\net8.0\EvalApp.Solid.Starter.Tests.dll" adapterTypeName="executor://xunit/VsTestRunner2/netcoreapp" className="EvalApp.Solid.Starter.Tests.Features.RulesEngine.EvaluateDiscountEligibilityStepTests" name="WhenNewShopper_Then_NotEligibleForDiscount" />
    </UnitTest>
    <UnitTest name="EvalApp.Solid.Starter.Tests.Features.RulesEngine.RulesEnginePipelineTests.WhenValidOrder_Then_PipelineCalculatesFinalPrice" storage="c:\users\cex\repos-working\evalapp.solid.starter\tests\bin\release\net8.0\evalapp.solid.starter.tests.dll" id="afca98b0-c316-f802-f9f7-8c2e0f8142af">
      <Execution id="db3ed7e5-d51e-462b-9058-60605f32b17a" />
      <TestMethod codeBase="C:\Users\cex\repos-working\EvalApp.Solid.Starter\Tests\bin\Release\net8.0\EvalApp.Solid.Starter.Tests.dll" adapterTypeName="executor://xunit/VsTestRunner2/netcoreapp" className="EvalApp.Solid.Starter.Tests.Features.RulesEngine.RulesEnginePipelineTests" name="WhenValidOrder_Then_PipelineCalculatesFinalPrice" />
    </UnitTest>
    <UnitTest name="EvalApp.Solid.Starter.Tests.Features.RulesEngine.ApplyPromotionRulesStepTests.WhenSummer20Promo_Then_15PercentDiscount" storage="c:\users\cex\repos-working\evalapp.solid.starter\tests\bin\release\net8.0\evalapp.solid.starter.tests.dll" id="2996de72-49ed-1271-c171-87321e2c8252">
      <Execution id="971d0f99-14fc-41b7-a7fe-50475b0af1bd" />
      <TestMethod codeBase="C:\Users\cex\repos-working\EvalApp.Solid.Starter\Tests\bin\Release\net8.0\EvalApp.Solid.Starter.Tests.dll" adapterTypeName="executor://xunit/VsTestRunner2/netcoreapp" className="EvalApp.Solid.Starter.Tests.Features.RulesEngine.ApplyPromotionRulesStepTests" name="WhenSummer20Promo_Then_15PercentDiscount" />
    </UnitTest>
  </TestDefinitions>
  <TestEntries>
    <TestEntry testId="cf39f18a-48b4-9d1c-538c-cb8b2a883c58" executionId="b638978d-3b81-47f9-9d9c-d939476708dc" testListId="8c84fa94-04c1-424b-9868-57a2d4851a1d" />
    <TestEntry testId="7dcb9fb2-f099-1aad-bd94-1801b2ff0748" executionId="13d1ff6f-e903-4fb2-813d-42f6bf0bdbdf" testListId="8c84fa94-04c1-424b-9868-57a2d4851a1d" />
    <TestEntry testId="3879dd3d-9de0-0123-6ada-1c5b9b58b08c" executionId="526e7d39-8a4e-4aca-820e-e1c9dd2ffbc2" testListId="8c84fa94-04c1-424b-9868-57a2d4851a1d" />
    <TestEntry testId="afca98b0-c316-f802-f9f7-8c2e0f8142af" executionId="db3ed7e5-d51e-462b-9058-60605f32b17a" testListId="8c84fa94-04c1-424b-9868-57a2d4851a1d" />
    <TestEntry testId="bc675da6-b489-692d-ca7c-eba48ec2a28e" executionId="b5dfbe5c-4126-440c-9b78-9aa2b51a3b5c" testListId="8c84fa94-04c1-424b-9868-57a2d4851a1d" />
    <TestEntry testId="2996de72-49ed-1271-c171-87321e2c8252" executionId="971d0f99-14fc-41b7-a7fe-50475b0af1bd" testListId="8c84fa94-04c1-424b-9868-57a2d4851a1d" />
    <TestEntry testId="05e0f630-85db-505d-982b-b6a2b98cfd03" executionId="03339a0a-86e1-427e-b0bf-102d98d8b0e2" testListId="8c84fa94-04c1-424b-9868-57a2d4851a1d" />
    <TestEntry testId="ff521fea-5883-1e87-727b-3ad37abbec25" executionId="32680228-fea9-4e5d-8844-ea0f3fff992c" testListId="8c84fa94-04c1-424b-9868-57a2d4851a1d" />
    <TestEntry testId="2e1e13fe-d801-cf11-6fce-3b4c3fa5cb0c" executionId="77fa2faf-9a73-4a5a-81a1-5a326bcaec9c" testListId="8c84fa94-04c1-424b-9868-57a2d4851a1d" />
    <TestEntry testId="64bde8eb-283e-81c1-cfc9-5a5253ea1245" executionId="b509fcce-e901-4cee-9ca5-801fbbcd1916" testListId="8c84fa94-04c1-424b-9868-57a2d4851a1d" />
    <TestEntry testId="76aa7ab7-6725-7889-402e-64cab62476e3" executionId="6dfb93d1-e5bc-4394-9b76-71d51a920421" testListId="8c84fa94-04c1-424b-9868-57a2d4851a1d" />
    <TestEntry testId="3e3448d5-c66d-7513-14b6-5bc934ebfc72" executionId="833ac913-4f4b-44c8-83f6-199d1d8faee4" testListId="8c84fa94-04c1-424b-9868-57a2d4851a1d" />
    <TestEntry testId="38957c3a-a98f-9129-5e6f-c5751fdbecd4" executionId="be72cd6f-8c64-496c-95d3-4fd707b4a5e6" testListId="8c84fa94-04c1-424b-9868-57a2d4851a1d" />
    <TestEntry testId="6dac7de1-f437-e2d8-f1a8-6ebc379374d3" executionId="27700248-575d-4e8a-a74f-3c0dee4bf9aa" testListId="8c84fa94-04c1-424b-9868-57a2d4851a1d" />
    <TestEntry testId="1c860e3a-689c-e0cb-7686-bdc4c344db38" executionId="e2a6dd68-826b-4902-a98f-93ac4b671991" testListId="8c84fa94-04c1-424b-9868-57a2d4851a1d" />
  </TestEntries>
  <TestLists>
    <TestList name="Results Not in a List" id="8c84fa94-04c1-424b-9868-57a2d4851a1d" />
    <TestList name="All Loaded Results" id="19431567-8539-422a-85d7-44ee4e166bda" />
  </TestLists>
  <ResultSummary outcome="Failed">
    <Counters total="15" executed="15" passed="1" failed="14" error="0" timeout="0" aborted="0" inconclusive="0" passedButRunAborted="0" notRunnable="0" notExecuted="0" disconnected="0" warning="0" completed="0" inProgress="0" pending="0" />
    <Output>
      <StdOut>[xUnit.net 00:00:00.00] xUnit.net VSTest Adapter v2.5.3.1+6b60a9e56a (64-bit .NET 8.0.27)&#xD;
[xUnit.net 00:00:00.07]   Discovering: EvalApp.Solid.Starter.Tests&#xD;
[xUnit.net 00:00:00.10]   Discovered:  EvalApp.Solid.Starter.Tests&#xD;
[xUnit.net 00:00:00.10]   Starting:    EvalApp.Solid.Starter.Tests&#xD;
[xUnit.net 00:00:00.15]       System.IO.FileNotFoundException : Could not load file or assembly 'EvalApp.Consumer.Core, Version=1.0.4.0, Culture=neutral, PublicKeyToken=null'. The system cannot find the file specified.&#xD;
[xUnit.net 00:00:00.15]       Stack Trace:&#xD;
[xUnit.net 00:00:00.15]            at EvalApp.Solid.Starter.Tests.Features.RulesEngine.CalculateNetPriceStepTests.WhenEmptyItems_Then_NetPriceIsZero()&#xD;
[xUnit.net 00:00:00.15]            at System.RuntimeMethodHandle.InvokeMethod(Object target, Void** arguments, Signature sig, Boolean isConstructor)&#xD;
[xUnit.net 00:00:00.15]            at System.Reflection.MethodBaseInvoker.InvokeWithNoArgs(Object obj, BindingFlags invokeAttr)&#xD;
[xUnit.net 00:00:00.15]       System.IO.FileNotFoundException : Could not load file or assembly 'EvalApp.Consumer.Core, Version=1.0.4.0, Culture=neutral, PublicKeyToken=null'. The system cannot find the file specified.&#xD;
[xUnit.net 00:00:00.15]       Stack Trace:&#xD;
[xUnit.net 00:00:00.15]            at EvalApp.Solid.Starter.Tests.Features.RulesEngine.CalculateFinalPriceStepTests.WhenNoDiscount_Then_FinalPriceEqualsNetPrice()&#xD;
[xUnit.net 00:00:00.15]            at System.RuntimeMethodHandle.InvokeMethod(Object target, Void** arguments, Signature sig, Boolean isConstructor)&#xD;
[xUnit.net 00:00:00.15]            at System.Reflection.MethodBaseInvoker.InvokeWithNoArgs(Object obj, BindingFlags invokeAttr)&#xD;
[xUnit.net 00:00:00.15]       System.IO.FileNotFoundException : Could not load file or assembly 'EvalApp.Consumer.Core, Version=1.0.4.0, Culture=neutral, PublicKeyToken=null'. The system cannot find the file specified.&#xD;
[xUnit.net 00:00:00.15]       Stack Trace:&#xD;
[xUnit.net 00:00:00.15]            at EvalApp.Solid.Starter.Tests.Features.RulesEngine.ApplyPromotionRulesStepTests.WhenSummer20Promo_Then_15PercentDiscount()&#xD;
[xUnit.net 00:00:00.15]            at System.RuntimeMethodHandle.InvokeMethod(Object target, Void** arguments, Signature sig, Boolean isConstructor)&#xD;
[xUnit.net 00:00:00.15]            at System.Reflection.MethodBaseInvoker.InvokeWithNoArgs(Object obj, BindingFlags invokeAttr)&#xD;
[xUnit.net 00:00:00.15]       System.IO.FileNotFoundException : Could not load file or assembly 'EvalApp.Consumer.Core, Version=1.0.4.0, Culture=neutral, PublicKeyToken=null'. The system cannot find the file specified.&#xD;
[xUnit.net 00:00:00.15]       Stack Trace:&#xD;
[xUnit.net 00:00:00.15]            at EvalApp.Solid.Starter.Tests.Features.RulesEngine.RulesEnginePipelineTests.WhenValidOrder_Then_PipelineCalculatesFinalPrice()&#xD;
[xUnit.net 00:00:00.15]            at System.RuntimeMethodHandle.InvokeMethod(Object target, Void** arguments, Signature sig, Boolean isConstructor)&#xD;
[xUnit.net 00:00:00.15]            at System.Reflection.MethodBaseInvoker.InvokeWithNoArgs(Object obj, BindingFlags invokeAttr)&#xD;
[xUnit.net 00:00:00.15]       System.IO.FileNotFoundException : Could not load file or assembly 'EvalApp.Consumer.Core, Version=1.0.4.0, Culture=neutral, PublicKeyToken=null'. The system cannot find the file specified.&#xD;
[xUnit.net 00:00:00.15]       Stack Trace:&#xD;
[xUnit.net 00:00:00.15]            at EvalApp.Solid.Starter.Tests.Features.RulesEngine.EvaluateDiscountEligibilityStepTests.WhenVipShopper_Then_EligibleForDiscount()&#xD;
[xUnit.net 00:00:00.15]            at System.RuntimeMethodHandle.InvokeMethod(Object target, Void** arguments, Signature sig, Boolean isConstructor)&#xD;
[xUnit.net 00:00:00.15]            at System.Reflection.MethodBaseInvoker.InvokeWithNoArgs(Object obj, BindingFlags invokeAttr)&#xD;
[xUnit.net 00:00:00.18]       System.IO.FileNotFoundException : Could not load file or assembly 'EvalApp.Consumer.Core, Version=1.0.4.0, Culture=neutral, PublicKeyToken=null'. The system cannot find the file specified.&#xD;
[xUnit.net 00:00:00.18]       Stack Trace:&#xD;
[xUnit.net 00:00:00.18]            at EvalApp.Solid.Starter.Tests.Features.RulesEngine.EvaluateDiscountEligibilityStepTests.WhenHighTotalSpend_Then_EligibleForDiscount()&#xD;
[xUnit.net 00:00:00.18]            at System.RuntimeMethodHandle.InvokeMethod(Object target, Void** arguments, Signature sig, Boolean isConstructor)&#xD;
[xUnit.net 00:00:00.18]            at System.Reflection.MethodBaseInvoker.InvokeWithNoArgs(Object obj, BindingFlags invokeAttr)&#xD;
[xUnit.net 00:00:00.18]       System.IO.FileNotFoundException : Could not load file or assembly 'EvalApp.Consumer.Core, Version=1.0.4.0, Culture=neutral, PublicKeyToken=null'. The system cannot find the file specified.&#xD;
[xUnit.net 00:00:00.18]       Stack Trace:&#xD;
[xUnit.net 00:00:00.18]            at EvalApp.Solid.Starter.Tests.Features.RulesEngine.CalculateFinalPriceStepTests.WhenDiscount_Then_FinalPriceIsReduced()&#xD;
[xUnit.net 00:00:00.18]            at System.RuntimeMethodHandle.InvokeMethod(Object target, Void** arguments, Signature sig, Boolean isConstructor)&#xD;
[xUnit.net 00:00:00.18]            at System.Reflection.MethodBaseInvoker.InvokeWithNoArgs(Object obj, BindingFlags invokeAttr)&#xD;
[xUnit.net 00:00:00.18]       System.IO.FileNotFoundException : Could not load file or assembly 'EvalApp.Consumer.Core, Version=1.0.4.0, Culture=neutral, PublicKeyToken=null'. The system cannot find the file specified.&#xD;
[xUnit.net 00:00:00.18]       Stack Trace:&#xD;
[xUnit.net 00:00:00.18]            at EvalApp.Solid.Starter.Tests.Features.RulesEngine.RulesEnginePipelineTests.WhenVipWithClearanceAndPromo_Then_MaximumDiscount()&#xD;
[xUnit.net 00:00:00.18]            at System.RuntimeMethodHandle.InvokeMethod(Object target, Void** arguments, Signature sig, Boolean isConstructor)&#xD;
[xUnit.net 00:00:00.18]            at System.Reflection.MethodBaseInvoker.InvokeWithNoArgs(Object obj, BindingFlags invokeAttr)&#xD;
[xUnit.net 00:00:00.18]       System.IO.FileNotFoundException : Could not load file or assembly 'EvalApp.Consumer.Core, Version=1.0.4.0, Culture=neutral, PublicKeyToken=null'. The system cannot find the file specified.&#xD;
[xUnit.net 00:00:00.18]       Stack Trace:&#xD;
[xUnit.net 00:00:00.18]            at EvalApp.Solid.Starter.Tests.Features.RulesEngine.ApplyPromotionRulesStepTests.WhenNotEligible_Then_NoDiscount()&#xD;
[xUnit.net 00:00:00.18]            at System.RuntimeMethodHandle.InvokeMethod(Object target, Void** arguments, Signature sig, Boolean isConstructor)&#xD;
[xUnit.net 00:00:00.18]            at System.Reflection.MethodBaseInvoker.InvokeWithNoArgs(Object obj, BindingFlags invokeAttr)&#xD;
[xUnit.net 00:00:00.18]       System.IO.FileNotFoundException : Could not load file or assembly 'EvalApp.Consumer.Core, Version=1.0.4.0, Culture=neutral, PublicKeyToken=null'. The system cannot find the file specified.&#xD;
[xUnit.net 00:00:00.18]       Stack Trace:&#xD;
[xUnit.net 00:00:00.18]            at EvalApp.Solid.Starter.Tests.Features.RulesEngine.EvaluateDiscountEligibilityStepTests.WhenHighPurchaseHistory_Then_EligibleForDiscount()&#xD;
[xUnit.net 00:00:00.18]            at System.RuntimeMethodHandle.InvokeMethod(Object target, Void** arguments, Signature sig, Boolean isConstructor)&#xD;
[xUnit.net 00:00:00.18]            at System.Reflection.MethodBaseInvoker.InvokeWithNoArgs(Object obj, BindingFlags invokeAttr)&#xD;
[xUnit.net 00:00:00.18]       System.IO.FileNotFoundException : Could not load file or assembly 'EvalApp.Consumer.Core, Version=1.0.4.0, Culture=neutral, PublicKeyToken=null'. The system cannot find the file specified.&#xD;
[xUnit.net 00:00:00.18]       Stack Trace:&#xD;
[xUnit.net 00:00:00.18]            at EvalApp.Solid.Starter.Tests.Features.RulesEngine.EvaluateDiscountEligibilityStepTests.WhenNewShopper_Then_NotEligibleForDiscount()&#xD;
[xUnit.net 00:00:00.18]            at System.RuntimeMethodHandle.InvokeMethod(Object target, Void** arguments, Signature sig, Boolean isConstructor)&#xD;
[xUnit.net 00:00:00.18]            at System.Reflection.MethodBaseInvoker.InvokeWithNoArgs(Object obj, BindingFlags invokeAttr)&#xD;
[xUnit.net 00:00:00.18]       System.IO.FileNotFoundException : Could not load file or assembly 'EvalApp.Consumer.Core, Version=1.0.4.0, Culture=neutral, PublicKeyToken=null'. The system cannot find the file specified.&#xD;
[xUnit.net 00:00:00.18]       Stack Trace:&#xD;
[xUnit.net 00:00:00.18]            at EvalApp.Solid.Starter.Tests.Features.RulesEngine.ApplyPromotionRulesStepTests.WhenVipAndClearance_Then_HighestDiscount()&#xD;
[xUnit.net 00:00:00.18]            at System.RuntimeMethodHandle.InvokeMethod(Object target, Void** arguments, Signature sig, Boolean isConstructor)&#xD;
[xUnit.net 00:00:00.18]            at System.Reflection.MethodBaseInvoker.InvokeWithNoArgs(Object obj, BindingFlags invokeAttr)&#xD;
[xUnit.net 00:00:00.18]       System.IO.FileNotFoundException : Could not load file or assembly 'EvalApp.Consumer.Core, Version=1.0.4.0, Culture=neutral, PublicKeyToken=null'. The system cannot find the file specified.&#xD;
[xUnit.net 00:00:00.18]       Stack Trace:&#xD;
[xUnit.net 00:00:00.18]            at EvalApp.Solid.Starter.Tests.Features.RulesEngine.CalculateNetPriceStepTests.WhenMultipleItems_Then_SumsAllPrices()&#xD;
[xUnit.net 00:00:00.18]            at System.RuntimeMethodHandle.InvokeMethod(Object target, Void** arguments, Signature sig, Boolean isConstructor)&#xD;
[xUnit.net 00:00:00.18]            at System.Reflection.MethodBaseInvoker.InvokeWithNoArgs(Object obj, BindingFlags invokeAttr)&#xD;
[xUnit.net 00:00:00.18]       System.IO.FileNotFoundException : Could not load file or assembly 'EvalApp.Consumer.Core, Version=1.0.4.0, Culture=neutral, PublicKeyToken=null'. The system cannot find the file specified.&#xD;
[xUnit.net 00:00:00.18]       Stack Trace:&#xD;
[xUnit.net 00:00:00.18]            at EvalApp.Solid.Starter.Tests.Features.RulesEngine.ApplyPromotionRulesStepTests.WhenClearanceItems_Then_20PercentDiscount()&#xD;
[xUnit.net 00:00:00.18]            at System.RuntimeMethodHandle.InvokeMethod(Object target, Void** arguments, Signature sig, Boolean isConstructor)&#xD;
[xUnit.net 00:00:00.18]            at System.Reflection.MethodBaseInvoker.InvokeWithNoArgs(Object obj, BindingFlags invokeAttr)&#xD;
[xUnit.net 00:00:00.18]   Finished:    EvalApp.Solid.Starter.Tests&#xD;
</StdOut>
    </Output>
    <RunInfos>
      <RunInfo computerName="LAPTOP-7HKGG9U3" outcome="Error" timestamp="2026-05-24T11:10:12.0029255+01:00">
        <Text>[xUnit.net 00:00:00.15]     EvalApp.Solid.Starter.Tests.Features.RulesEngine.CalculateNetPriceStepTests.WhenEmptyItems_Then_NetPriceIsZero [FAIL]</Text>
      </RunInfo>
      <RunInfo computerName="LAPTOP-7HKGG9U3" outcome="Error" timestamp="2026-05-24T11:10:12.0045143+01:00">
        <Text>[xUnit.net 00:00:00.15]     EvalApp.Solid.Starter.Tests.Features.RulesEngine.CalculateFinalPriceStepTests.WhenNoDiscount_Then_FinalPriceEqualsNetPrice [FAIL]</Text>
      </RunInfo>
      <RunInfo computerName="LAPTOP-7HKGG9U3" outcome="Error" timestamp="2026-05-24T11:10:12.0054366+01:00">
        <Text>[xUnit.net 00:00:00.15]     EvalApp.Solid.Starter.Tests.Features.RulesEngine.ApplyPromotionRulesStepTests.WhenSummer20Promo_Then_15PercentDiscount [FAIL]</Text>
      </RunInfo>
      <RunInfo computerName="LAPTOP-7HKGG9U3" outcome="Error" timestamp="2026-05-24T11:10:12.0058045+01:00">
        <Text>[xUnit.net 00:00:00.15]     EvalApp.Solid.Starter.Tests.Features.RulesEngine.RulesEnginePipelineTests.WhenValidOrder_Then_PipelineCalculatesFinalPrice [FAIL]</Text>
      </RunInfo>
      <RunInfo computerName="LAPTOP-7HKGG9U3" outcome="Error" timestamp="2026-05-24T11:10:12.0060965+01:00">
        <Text>[xUnit.net 00:00:00.15]     EvalApp.Solid.Starter.Tests.Features.RulesEngine.EvaluateDiscountEligibilityStepTests.WhenVipShopper_Then_EligibleForDiscount [FAIL]</Text>
      </RunInfo>
      <RunInfo computerName="LAPTOP-7HKGG9U3" outcome="Error" timestamp="2026-05-24T11:10:12.0896801+01:00">
        <Text>[xUnit.net 00:00:00.18]     EvalApp.Solid.Starter.Tests.Features.RulesEngine.EvaluateDiscountEligibilityStepTests.WhenHighTotalSpend_Then_EligibleForDiscount [FAIL]</Text>
      </RunInfo>
      <RunInfo computerName="LAPTOP-7HKGG9U3" outcome="Error" timestamp="2026-05-24T11:10:12.0898190+01:00">
        <Text>[xUnit.net 00:00:00.18]     EvalApp.Solid.Starter.Tests.Features.RulesEngine.CalculateFinalPriceStepTests.WhenDiscount_Then_FinalPriceIsReduced [FAIL]</Text>
      </RunInfo>
      <RunInfo computerName="LAPTOP-7HKGG9U3" outcome="Error" timestamp="2026-05-24T11:10:12.0899737+01:00">
        <Text>[xUnit.net 00:00:00.18]     EvalApp.Solid.Starter.Tests.Features.RulesEngine.RulesEnginePipelineTests.WhenVipWithClearanceAndPromo_Then_MaximumDiscount [FAIL]</Text>
      </RunInfo>
      <RunInfo computerName="LAPTOP-7HKGG9U3" outcome="Error" timestamp="2026-05-24T11:10:12.0901214+01:00">
        <Text>[xUnit.net 00:00:00.18]     EvalApp.Solid.Starter.Tests.Features.RulesEngine.ApplyPromotionRulesStepTests.WhenNotEligible_Then_NoDiscount [FAIL]</Text>
      </RunInfo>
      <RunInfo computerName="LAPTOP-7HKGG9U3" outcome="Error" timestamp="2026-05-24T11:10:12.0902695+01:00">
        <Text>[xUnit.net 00:00:00.18]     EvalApp.Solid.Starter.Tests.Features.RulesEngine.EvaluateDiscountEligibilityStepTests.WhenHighPurchaseHistory_Then_EligibleForDiscount [FAIL]</Text>
      </RunInfo>
      <RunInfo computerName="LAPTOP-7HKGG9U3" outcome="Error" timestamp="2026-05-24T11:10:12.0904116+01:00">
        <Text>[xUnit.net 00:00:00.18]     EvalApp.Solid.Starter.Tests.Features.RulesEngine.EvaluateDiscountEligibilityStepTests.WhenNewShopper_Then_NotEligibleForDiscount [FAIL]</Text>
      </RunInfo>
      <RunInfo computerName="LAPTOP-7HKGG9U3" outcome="Error" timestamp="2026-05-24T11:10:12.0906075+01:00">
        <Text>[xUnit.net 00:00:00.18]     EvalApp.Solid.Starter.Tests.Features.RulesEngine.ApplyPromotionRulesStepTests.WhenVipAndClearance_Then_HighestDiscount [FAIL]</Text>
      </RunInfo>
      <RunInfo computerName="LAPTOP-7HKGG9U3" outcome="Error" timestamp="2026-05-24T11:10:12.0907502+01:00">
        <Text>[xUnit.net 00:00:00.18]     EvalApp.Solid.Starter.Tests.Features.RulesEngine.CalculateNetPriceStepTests.WhenMultipleItems_Then_SumsAllPrices [FAIL]</Text>
      </RunInfo>
      <RunInfo computerName="LAPTOP-7HKGG9U3" outcome="Error" timestamp="2026-05-24T11:10:12.0908920+01:00">
        <Text>[xUnit.net 00:00:00.18]     EvalApp.Solid.Starter.Tests.Features.RulesEngine.ApplyPromotionRulesStepTests.WhenClearanceItems_Then_20PercentDiscount [FAIL]</Text>
      </RunInfo>
    </RunInfos>
  </ResultSummary>
</TestRun>